// Vitest Snapshot v1, https://vitest.dev/guide/snapshot.html

exports[`convergence journey over 84 days > scenario A > records the trajectory (gate J14, 9 recalibrations, target amplitude 262 kcal, final offset -389 vs apparent -362) 1`] = `
{
  "apparentOffsetKcal": -362,
  "finalInterval95": [
    -514,
    -264,
  ],
  "finalMedianOffsetKcal": -389,
  "firstGateDay": 14,
  "recalibrations": [
    {
      "confidence": "medium",
      "day": 14,
      "toKcal": 1527,
      "width80": 548,
    },
    {
      "confidence": "good",
      "day": 21,
      "toKcal": 1265,
      "width80": 439,
    },
    {
      "confidence": "good",
      "day": 28,
      "toKcal": 1320,
      "width80": 370,
    },
    {
      "confidence": "high",
      "day": 35,
      "toKcal": 1267,
      "width80": 299,
    },
    {
      "confidence": "high",
      "day": 44,
      "toKcal": 1300,
      "width80": 259,
    },
    {
      "confidence": "high",
      "day": 52,
      "toKcal": 1318,
      "width80": 231,
    },
    {
      "confidence": "high",
      "day": 59,
      "toKcal": 1369,
      "width80": 212,
    },
    {
      "confidence": "high",
      "day": 66,
      "toKcal": 1399,
      "width80": 187,
    },
    {
      "confidence": "high",
      "day": 78,
      "toKcal": 1396,
      "width80": 167,
    },
  ],
  "targetAmplitudeAfterGateKcal": 262,
}
`;

exports[`convergence journey over 84 days > scenario B > records the trajectory (gate J14, 9 recalibrations, target amplitude 294 kcal, final offset -518 vs apparent -477) 1`] = `
{
  "apparentOffsetKcal": -477,
  "finalInterval95": [
    -644,
    -391,
  ],
  "finalMedianOffsetKcal": -518,
  "firstGateDay": 14,
  "recalibrations": [
    {
      "confidence": "medium",
      "day": 14,
      "toKcal": 1500,
      "width80": 559,
    },
    {
      "confidence": "good",
      "day": 21,
      "toKcal": 1208,
      "width80": 444,
    },
    {
      "confidence": "good",
      "day": 28,
      "toKcal": 1229,
      "width80": 376,
    },
    {
      "confidence": "good",
      "day": 35,
      "toKcal": 1227,
      "width80": 311,
    },
    {
      "confidence": "high",
      "day": 43,
      "toKcal": 1239,
      "width80": 279,
    },
    {
      "confidence": "high",
      "day": 50,
      "toKcal": 1206,
      "width80": 243,
    },
    {
      "confidence": "high",
      "day": 57,
      "toKcal": 1267,
      "width80": 224,
    },
    {
      "confidence": "high",
      "day": 64,
      "toKcal": 1303,
      "width80": 194,
    },
    {
      "confidence": "high",
      "day": 75,
      "toKcal": 1292,
      "width80": 174,
    },
  ],
  "targetAmplitudeAfterGateKcal": 294,
}
`;

exports[`convergence journey over 84 days > scenario C > records the trajectory (gate J14, 8 recalibrations, target amplitude 269 kcal, final offset 158 vs apparent 157) 1`] = `
{
  "apparentOffsetKcal": 157,
  "finalInterval95": [
    30,
    286,
  ],
  "finalMedianOffsetKcal": 158,
  "firstGateDay": 14,
  "recalibrations": [
    {
      "confidence": "medium",
      "day": 14,
      "toKcal": 1756,
      "width80": 536,
    },
    {
      "confidence": "good",
      "day": 21,
      "toKcal": 2019,
      "width80": 480,
    },
    {
      "confidence": "good",
      "day": 28,
      "toKcal": 2025,
      "width80": 412,
    },
    {
      "confidence": "good",
      "day": 35,
      "toKcal": 1955,
      "width80": 343,
    },
    {
      "confidence": "high",
      "day": 42,
      "toKcal": 1943,
      "width80": 279,
    },
    {
      "confidence": "high",
      "day": 49,
      "toKcal": 1881,
      "width80": 234,
    },
    {
      "confidence": "high",
      "day": 57,
      "toKcal": 1913,
      "width80": 206,
    },
    {
      "confidence": "high",
      "day": 67,
      "toKcal": 1906,
      "width80": 183,
    },
  ],
  "targetAmplitudeAfterGateKcal": 269,
}
`;
